C:\Users\Pc\Documents\VHDL\ethernet\implementation\ethernet.ngc 1479927444
C:/Users/Pc/Documents/VHDL/ethernet/implementation/ethernet_ethernet_mac_wrapper.ngc 1479927359
C:/Users/Pc/Documents/VHDL/ethernet/implementation/ethernet_usb_uart_wrapper.ngc 1479927359
C:/Users/Pc/Documents/VHDL/ethernet/implementation/ethernet_proc_sys_reset_0_wrapper.ngc 1479927358
C:/Users/Pc/Documents/VHDL/ethernet/implementation/ethernet_clock_generator_0_wrapper.ngc 1479927412
C:/Users/Pc/Documents/VHDL/ethernet/implementation/ethernet_microblaze_0_ilmb_wrapper.ngc 1479927358
C:/Users/Pc/Documents/VHDL/ethernet/implementation/ethernet_microblaze_0_dlmb_wrapper.ngc 1479927358
C:/Users/Pc/Documents/VHDL/ethernet/implementation/ethernet_mcb3_lpddr_wrapper.ngc 1479927359
C:/Users/Pc/Documents/VHDL/ethernet/implementation/ethernet_axi4lite_0_wrapper.ngc 1479927416
C:/Users/Pc/Documents/VHDL/ethernet/implementation/ethernet_axi4_0_wrapper.ngc 1479927359
C:/Users/Pc/Documents/VHDL/ethernet/implementation/ethernet_microblaze_0_wrapper.ngc 1479927359
C:/Users/Pc/Documents/VHDL/ethernet/implementation/ethernet_microblaze_0_intc_wrapper.ngc 1479927358
C:/Users/Pc/Documents/VHDL/ethernet/implementation/ethernet_microblaze_0_i_bram_ctrl_wrapper.ngc 1479927358
C:/Users/Pc/Documents/VHDL/ethernet/implementation/ethernet_microblaze_0_d_bram_ctrl_wrapper.ngc 1479927358
C:/Users/Pc/Documents/VHDL/ethernet/implementation/ethernet_debug_module_wrapper.ngc 1479927359
C:/Users/Pc/Documents/VHDL/ethernet/implementation/ethernet_axi_timer_0_wrapper.ngc 1479927359
C:/Users/Pc/Documents/VHDL/ethernet/implementation/ethernet_i2c_wrapper.ngc 1479927359
C:/Users/Pc/Documents/VHDL/ethernet/implementation/ethernet_display16x2_wrapper.ngc 1479927359
C:/Users/Pc/Documents/VHDL/ethernet/implementation/ethernet_axi_timer_1_wrapper.ngc 1479927406
C:/Users/Pc/Documents/VHDL/ethernet/implementation/ethernet_microblaze_0_bram_block_wrapper.ngc 1479927358
OK
