19:08:11 **** Auto Build of configuration Debug for project mpu6050 ****
make all 
'Building file: ../src/mpu6050v5.c'
'Invoking: MicroBlaze gcc compiler'
mb-gcc -Wall -O0 -g3 -c -fmessage-length=0 -I../../standalone_bsp_0/microblaze_0/include -mlittle-endian -mxl-barrel-shift -mxl-pattern-compare -mno-xl-soft-div -mcpu=v8.50.c -mno-xl-soft-mul -Wl,--no-relax -ffunction-sections -fdata-sections -MMD -MP -MF"src/mpu6050v5.d" -MT"src/mpu6050v5.d" -o "src/mpu6050v5.o" "../src/mpu6050v5.c"
'Finished building: ../src/mpu6050v5.c'
' '
'Building target: mpu6050.elf'
'Invoking: MicroBlaze gcc linker'
mb-gcc -Wl,-T -Wl,../src/lscript.ld -L../../standalone_bsp_0/microblaze_0/lib -mlittle-endian -mxl-barrel-shift -mxl-pattern-compare -mno-xl-soft-div -mcpu=v8.50.c -mno-xl-soft-mul -Wl,--no-relax -Wl,--gc-sections -o "mpu6050.elf"  ./src/display.o ./src/main.o ./src/mpu6050v5.o   -Wl,--start-group,-lxil,-lgcc,-lc,--end-group
'Finished building target: mpu6050.elf'
' '
'Invoking: MicroBlaze Print Size'
mb-size mpu6050.elf  |tee "mpu6050.elf.size"
   text	   data	    bss	    dec	    hex	filename
  84564	   1616	 180564	 266744	  411f8	mpu6050.elf
'Finished building: mpu6050.elf.size'
' '
'Invoking: Xilinx ELF Check'
elfcheck mpu6050.elf -hw ../../ethernet_hw_platform/system.xml -pe microblaze_0  |tee "mpu6050.elf.elfcheck"
elfcheck
Xilinx EDK 14.7 Build EDK_P.20131013
Copyright (c) 1995-2012 Xilinx, Inc.  All rights reserved.

Command Line: elfcheck -hw ../../ethernet_hw_platform/system.xml -pe
microblaze_0 mpu6050.elf 

ELF file	: mpu6050.elf
elfcheck passed.
'Finished building: mpu6050.elf.elfcheck'
' '

19:08:13 Build Finished (took 1s.985ms)

